%rml            H                   Ryumin-Light
%rmlv           V                   Ryumin-Light
rml            H                   ipaexm.ttf
rmlv           V                   ipaexm.ttf
gbm            H                   ipaexg.ttf
gbmv           V                   ipaexg.ttf
%%% OTF package
%hminr-h        H                   Ryumin-Light
%hminr-v        V                   Ryumin-Light
%otf-ujmr-h     UniJIS-UTF16-H      Ryumin-Light
%otf-ujmr-v     UniJIS-UTF16-V      Ryumin-Light
%otf-cjmr-h     Adobe-Japan1-6      Ryumin-Light
%otf-cjmr-v     Identity-V          Ryumin-Light
hminr-h        H                   ipaexm.ttf
hminr-v        V                   ipaexm.ttf
otf-ujmr-h     UniJIS-UTF16-H      ipaexm.ttf
otf-ujmr-v     UniJIS-UTF16-V      ipaexm.ttf
otf-cjmr-h     Adobe-Japan1-6      ipaexm.ttf
otf-cjmr-v     Identity-V          ipaexm.ttf/AJ16
hgothr-h       H                   ipaexg.ttf
hgothr-v       V                   ipaexg.ttf
otf-ujgr-h     UniJIS-UTF16-H      ipaexg.ttf
otf-ujgr-v     UniJIS-UTF16-V      ipaexg.ttf
otf-cjgr-h     Adobe-Japan1-6      ipaexg.ttf
otf-cjgr-v     Identity-V          ipaexg.ttf/AJ16
%hminb-h        H                   Ryumin-Light,Bold
%hminb-v        V                   Ryumin-Light,Bold
%otf-ujmb-h     UniJIS-UTF16-H      Ryumin-Light,Bold
%otf-ujmb-v     UniJIS-UTF16-V      Ryumin-Light,Bold
%otf-cjmb-h     Adobe-Japan1-6      Ryumin-Light,Bold
%otf-cjmb-v     Identity-V          Ryumin-Light,Bold
hminb-h        H                :0:hgrmb.ttc
hminb-v        V                :0:hgrmb.ttc
otf-ujmb-h     UniJIS-UTF16-H   :0:hgrmb.ttc
otf-ujmb-v     UniJIS-UTF16-V   :0:hgrmb.ttc
otf-cjmb-h     Adobe-Japan1-6   :0:hgrmb.ttc
otf-cjmb-v     Identity-V       :0:hgrmb.ttc/AJ16
hgothb-h       H                :0:hgrge.ttc
hgothb-v       V                :0:hgrge.ttc
otf-ujgb-h     UniJIS-UTF16-H   :0:hgrge.ttc
otf-ujgb-v     UniJIS-UTF16-V   :0:hgrge.ttc
otf-cjgb-h     Adobe-Japan1-6   :0:hgrge.ttc
otf-cjgb-v     Identity-V       :0:hgrge.ttc/AJ16
hmgothr-h      H                   wlmaru20044.ttf
hmgothr-v      V                   wlmaru20044.ttf
otf-ujmgr-h    UniJIS-UTF16-H      wlmaru20044.ttf
otf-ujmgr-v    UniJIS-UTF16-V      wlmaru20044.ttf
otf-cjmgr-h    Adobe-Japan1-6      wlmaru20044.ttf
otf-cjmgr-v    Identity-V          wlmaru20044.ttf/AJ16
hgotheb-h      H                :0:hgrsgu.ttc
hgotheb-v      V                :0:hgrsgu.ttc
%hminl-h        H                   HiraMinStdN-W2.otf
%hminl-v        V                   HiraMinStdN-W2.otf
%otf-ujml-h     UniJIS-UTF16-H      HiraMinStdN-W2.otf
%otf-ujml-v     UniJIS-UTF16-V      HiraMinStdN-W2.otf
%otf-cjml-h     Adobe-Japan1-6      HiraMinStdN-W2.otf
%otf-cjml-v     Identity-V          HiraMinStdN-W2.otf
hminl-h        H                :0:msmincho.ttc
hminl-v        V                :0:msmincho.ttc
otf-ujml-h     UniJIS-UTF16-H   :0:msmincho.ttc
otf-ujml-v     UniJIS-UTF16-V   :0:msmincho.ttc
otf-cjml-h     Adobe-Japan1-6   :0:msmincho.ttc
otf-cjml-v     Identity-V       :0:msmincho.ttc/AJ16
%otf-ucmr-h     UniGB-UTF16-H       STSong-Light
%otf-ucmr-v     UniGB-UTF16-V       STSong-Light
%otf-ccmr-h     Adobe-GB1-4         STSong-Light
%otf-ccmr-v     Identity-V          STSong-Light
%otf-ucmr-h     UniGB-UTF16-H       gbsn00lp.ttf
%otf-ucmr-v     UniGB-UTF16-V       gbsn00lp.ttf
%otf-ccmr-h     Adobe-GB1-4         gbsn00lp.ttf
%otf-ccmr-v     Identity-V          gbsn00lp.ttf/AG14
%otf-ucgr-h     UniGB-UTF16-H       wqy-zenhei.ttf
%otf-ucgr-v     UniGB-UTF16-V       wqy-zenhei.ttf
otf-ccgr-h     Adobe-GB1-4         wqy-zenhei.ttf
otf-ccgr-v     Identity-V          wqy-zenhei.ttf/AG14
%otf-utmr-h     UniCNS-UTF16-H      MSung-Light
%otf-utmr-v     UniCNS-UTF16-V      MSung-Light
%otf-ctmr-h     Adobe-CNS1-4        MSung-Light
%otf-ctmr-v     Identity-V          MSung-Light
%otf-utmr-h     UniCNS-UTF16-H      uming.ttf
%otf-utmr-v     UniCNS-UTF16-V      uming.ttf
%otf-ctmr-h     Adobe-CNS1-4        uming.ttf
%otf-ctmr-v     Identity-V          uming.ttf/AC14
%otf-utgr-h     UniCNS-UTF16-H      cwheib.ttf
%otf-utgr-v     UniCNS-UTF16-V      cwheib.ttf
otf-ctgr-h     Adobe-CNS1-4        cwheib.ttf
otf-ctgr-v     Identity-V          cwheib.ttf/AC14
%otf-ukmr-h     UniKS-UTF16-H       HYSMyeongJo-Medium
%otf-ukmr-v     UniKS-UTF16-V       HYSMyeongJo-Medium
%otf-ckmr-h     Adobe-Korea1-2      HYSMyeongJo-Medium
%otf-ckmr-v     Identity-V          HYSMyeongJo-Medium
otf-ukmr-h     UniKS-UTF16-H       UnBatang.ttf
otf-ukmr-v     UniKS-UTF16-V       UnBatang.ttf
otf-ckmr-h     Adobe-Korea1-2      UnBatang.ttf
otf-ckmr-v     Identity-V          UnBatang.ttf/AK12
otf-ukgr-h     UniKS-UTF16-H       UnDotum.ttf
otf-ukgr-v     UniKS-UTF16-V       UnDotum.ttf
otf-ckgr-h     Adobe-Korea1-2      UnDotum.ttf
otf-ckgr-v     Identity-V          UnDotum.ttf/AK12
hiramin-w3-h   Adobe-Japan1-6      HiraMinProN-W3.otf
hiramin-w3-v   Identity-V          HiraMinProN-W3.otf
hiramin-w6-h   Adobe-Japan1-6      HiraMinProN-W6.otf
hiramin-w6-v   Identity-V          HiraMinProN-W6.otf
hirakaku-w3-h  Adobe-Japan1-6      HiraKakuProN-W3.otf
hirakaku-w3-v  Identity-V          HiraKakuProN-W3.otf
hirakaku-w6-h  Adobe-Japan1-6      HiraKakuProN-W6.otf
hirakaku-w6-v  Identity-V          HiraKakuProN-W6.otf
hiramaru-w4-h  Adobe-Japan1-6      HiraMaruProN-W4.otf
hiramaru-w4-v  Identity-V          HiraMaruProN-W4.otf

%		
%　繁体字
%		
otf-utmr-h	UniCNS-UTF16-H	AdobeMingStd-Light-Acro.otf
otf-utmr-v	UniCNS-UTF16-V	AdobeMingStd-Light-Acro.otf
otf-utgr-h	UniCNS-UTF16-H	AdobeMingStd-Light-Acro.otf
otf-utgr-v	UniCNS-UTF16-V	AdobeMingStd-Light-Acro.otf
otf-ctmr-h	Identity-H	AdobeMingStd-Light-Acro.otf
otf-ctmr-v	Identity-V	AdobeMingStd-Light-Acro.otf
%		
%　簡体字
%		
otf-ucmr-h	UniGB-UTF16-H	AdobeSongStd-Light-Acro.otf
otf-ucmr-v	UniGB-UTF16-V	AdobeSongStd-Light-Acro.otf
otf-ucgr-h	UniGB-UTF16-H	AdobeSongStd-Light-Acro.otf
otf-ucgr-v	UniGB-UTF16-V	AdobeSongStd-Light-Acro.otf
otf-ccmr-h	Identity-H	AdobeSongStd-Light-Acro.otf
otf-ccmr-v	Identity-V	AdobeSongStd-Light-Acro.otf
%		
%　ハングル
%		
otf-ukmr-h	UniKS-UTF16-H	AdobeMyungjoStd-Medium-Acro.otf
otf-ukmr-v	UniKS-UTF16-V	AdobeMyungjoStd-Medium-Acro.otf
otf-ukgr-h	UniKS-UTF16-H	AdobeMyungjoStd-Medium-Acro.otf
otf-ukgr-v	UniKS-UTF16-V	AdobeMyungjoStd-Medium-Acro.otf
otf-ckmr-h	Identity-H	AdobeMyungjoStd-Medium-Acro.otf
otf-ckmr-v	Identity-V	AdobeMyungjoStd-Medium-Acro.otf